Renesas Optimizing Linker (W2.08.00 )             05-Dec-2018 06:49:25

*** Options ***

-subcommand=LinkerBycicle_RX63N.tmp
-noprelink
-input=".\generate/r_bsp/board/rdkrx63n\lowlvl.obj"
-input=".\generate/r_bsp/board/rdkrx63n\dbsct.obj"
-input=".\generate/r_bsp/board/rdkrx63n\flash_options.obj"
-input=".\generate/r_bsp/board/rdkrx63n\hwsetup.obj"
-input=".\generate/r_bsp/board/rdkrx63n\lcd.obj"
-input=".\generate/r_bsp/board/rdkrx63n\lowsrc.obj"
-input=".\generate/r_bsp/board/rdkrx63n\resetprg.obj"
-input=".\generate/r_bsp/board/rdkrx63n\sbrk.obj"
-input=".\generate/r_bsp/board/rdkrx63n\vecttbl.obj"
-input=".\generate/r_glyph/src/glyph/drivers\st7579_lcd.obj"
-input=".\generate/r_glyph/src/glyph/fonts\bitmap_font.obj"
-input=".\generate/r_glyph/src/glyph/fonts\font_8x16.obj"
-input=".\generate/r_glyph/src/glyph/fonts\font_8x8.obj"
-input=".\generate/r_glyph/src/glyph/fonts\font_helvr10.obj"
-input=".\generate/r_glyph/src/glyph/fonts\font_winfreesystem14x16.obj"
-input=".\generate/r_glyph/src/glyph/fonts\font_x5x7.obj"
-input=".\generate/r_glyph/src/glyph/fonts\font_x6x13.obj"
-input=".\generate/r_glyph/src/glyph\glyph.obj"
-input=".\generate/r_glyph/src\r_glyph.obj"
-input=".\generate/r_glyph/src\r_glyph_register.obj"
-input=".\generate/r_riic_rx600/src\r_riic_rx600.obj"
-input=".\generate/r_riic_rx600/src\r_riic_rx600_master.obj"
-input=".\generate/r_rspi_rx600/src\r_rspi_rx600.obj"
-input=".\src\ADb10.obj"
-input=".\src\Bycicle_RX63N.obj"
-input=".\src\CMT.obj"
-input=".\src\PID.obj"
-input=".\src\pwm.obj"
-input=".\src\sensore.obj"
-library=".\Bycicle_RX63N.lib"
-start=SI,SU,B_1,R_1,B_2,R_2,B,R/0,C_1,C_2,C,C$*,L*,D*,P,W*/0FFF80000,FIXEDVECT/0FFFFFF90
-output="Bycicle_RX63N.abs"
-form=absolute
-nomessage
-list=Bycicle_RX63N.map
-nooptimize
-rom=D=R,D_1=R_1,D_2=R_2
-nologo

*** Error information ***

*** Mapping List ***

SECTION                            START      END         SIZE   ALIGN
SI
                                  00000000  000003ff       400   4
SU
                                  00000400  000013ff      1000   4
B_1
                                  00001400  00001434        35   1
R_1
                                  00001435  00001485        51   1
B_2
                                  00001486  00001486         0   1
R_2
                                  00001486  00001493         e   2
B
                                  00001494  00004837      33a4   4
R
                                  00004838  00006733      1efc   4
$ADDR_C_FF7FFFE8
                                  ff7fffe8  ff7fffff        18   1
C_1
                                  fff80000  fff8354c      354d   1
C_2
                                  fff8354e  fff8374f       202   2
C
                                  fff83750  fff8381f        d0   4
C$DSEC
                                  fff83820  fff83843        24   4
C$BSEC
                                  fff83844  fff8385b        18   4
C$VECT
                                  fff8385c  fff83c5b       400   4
L
                                  fff83c5c  fff83d60       105   4
D
                                  fff83d64  fff85c5f      1efc   4
D_1
                                  fff85c60  fff85cb0        51   1
D_2
                                  fff85cb2  fff85cbf         e   2
P
                                  fff85cc0  fff89d47      4088   1
W
                                  fff89d48  fff89d48         0   4
W_1
                                  fff89d48  fff89d59        12   1
W_2
                                  fff89d5a  fff89d5a         0   2
$ADDR_C_FFFFFF80
                                  ffffff80  ffffff8f        10   1
FIXEDVECT
                                  ffffff90  ffffffff        70   4
